// Jest Snapshot v1, https://goo.gl/fbAQLP

exports[`ImageCard should render correctly 1`] = `
<div
  className="grid-container-outer"
>
  <div
    className="grid-image-block"
    style={
      Object {
        "backgroundImage": "url(undefined)",
      }
    }
  >
    <div
      className="grid-hover"
    />
  </div>
</div>
`;
